[pratica] IA no CELULAR: no APK toque CONECTAR com o CABO USB (Depuração USB) — porta 7777 — sem celular, a IA local do PC assume
[pesos] C:\Users\runneradmin\AppData\Local\Temp\_MEI17842\artifacts\model-weights.json (val_loss 0.00432)
[telemetria] memoria nao validou — tentando a DLL embutida
[joystick] controles vigiados: gamepad XInput — mexer neles entrega o volante ao humano
[teclas] mapeadas do jogo: padrao WASD | WASD=['0x11', '0x1e', '0x1f', '0x20']
[inject] alvo: janela 'Euro Truck' | a IA so AGE com o jogo em TELA CHEIA (e em 1º plano) | ESC = kill switch
[pratica] modo DRIVE | mapa: {'pontos': 0, 'passadas': 0, 'km_mapeados': 0.0, 'frame_travado': False, 'z_flip': False}
[pratica] IA DIRIGINDO IMEDIATAMENTE: liga o motor e solta o freio de mao sozinha. ESC = kill switch; encoste no teclado para corrigir (vira dado DAgger).
[pratica] caminhao parado: IA ligando o motor e soltando o freio de mao sozinha (tomada imediata)
[inject] jogo em TELA CHEIA — IA assumindo o volante
[drive]   0.0 km/h | offset +0.00 m | hdg  +0.0° | mapa 0/5 | IA | SEM MAPA AQUI — devagar (rode 'record' nesta estrada)
[drive]  12.9 km/h | offset +0.00 m | hdg  +0.0° | mapa 0/5 | IA | SEM MAPA AQUI — devagar (rode 'record' nesta estrada)
[drive]  25.7 km/h | offset +0.00 m | hdg  +0.0° | mapa 0/5 | IA | SEM MAPA AQUI — devagar (rode 'record' nesta estrada)
[drive]  28.2 km/h | offset +0.00 m | hdg  +0.0° | mapa 0/5 | IA | SEM MAPA AQUI — devagar (rode 'record' nesta estrada)
[drive]  28.4 km/h | offset +0.00 m | hdg  +0.0° | mapa 0/5 | IA | SEM MAPA AQUI — devagar (rode 'record' nesta estrada)
[drive]  28.1 km/h | offset +0.00 m | hdg  +0.0° | mapa 0/5 | IA | SEM MAPA AQUI — devagar (rode 'record' nesta estrada)
[drive]  28.5 km/h | offset +0.00 m | hdg  +0.0° | mapa 0/5 | IA | SEM MAPA AQUI — devagar (rode 'record' nesta estrada)
[drive]  29.0 km/h | offset +0.00 m | hdg  +0.0° | mapa 0/5 | IA | SEM MAPA AQUI — devagar (rode 'record' nesta estrada)
[drive]  28.9 km/h | offset +0.00 m | hdg  +0.0° | mapa 0/5 | IA | SEM MAPA AQUI — devagar (rode 'record' nesta estrada)
[drive]  27.9 km/h | offset +0.00 m | hdg  +0.0° | mapa 0/5 | IA | SEM MAPA AQUI — devagar (rode 'record' nesta estrada)
[drive]  28.1 km/h | offset +0.00 m | hdg  +0.0° | mapa 0/5 | IA | SEM MAPA AQUI — devagar (rode 'record' nesta estrada)
[drive]  28.6 km/h | offset +0.00 m | hdg  +0.0° | mapa 0/5 | IA | SEM MAPA AQUI — devagar (rode 'record' nesta estrada)
[drive]  29.0 km/h | offset +0.00 m | hdg  +0.0° | mapa 0/5 | IA | SEM MAPA AQUI — devagar (rode 'record' nesta estrada)
[drive]  28.5 km/h | offset +0.00 m | hdg  +0.0° | mapa 0/5 | IA | SEM MAPA AQUI — devagar (rode 'record' nesta estrada)
[drive]  28.0 km/h | offset +0.00 m | hdg  +0.0° | mapa 0/5 | IA | SEM MAPA AQUI — devagar (rode 'record' nesta estrada)
[drive]  29.2 km/h | offset +0.00 m | hdg  +0.0° | mapa 0/5 | IA | SEM MAPA AQUI — devagar (rode 'record' nesta estrada)
[drive]  28.6 km/h | offset +0.00 m | hdg  +0.0° | mapa 0/5 | IA | SEM MAPA AQUI — devagar (rode 'record' nesta estrada)
[drive]  28.4 km/h | offset +0.00 m | hdg  +0.0° | mapa 0/5 | IA | SEM MAPA AQUI — devagar (rode 'record' nesta estrada)
[drive]  28.3 km/h | offset +0.00 m | hdg  +0.0° | mapa 0/5 | IA | SEM MAPA AQUI — devagar (rode 'record' nesta estrada)
[drive]  29.0 km/h | offset +0.00 m | hdg  +0.0° | mapa 0/5 | IA | SEM MAPA AQUI — devagar (rode 'record' nesta estrada)
[drive]  28.7 km/h | offset +0.00 m | hdg  +0.0° | mapa 0/5 | IA | SEM MAPA AQUI — devagar (rode 'record' nesta estrada)
[drive]  28.4 km/h | offset +0.00 m | hdg  +0.0° | mapa 0/5 | IA | SEM MAPA AQUI — devagar (rode 'record' nesta estrada)
[drive]  28.1 km/h | offset +0.00 m | hdg  +0.0° | mapa 0/5 | IA | SEM MAPA AQUI — devagar (rode 'record' nesta estrada)
[drive]  28.6 km/h | offset +0.00 m | hdg  +0.0° | mapa 0/5 | IA | SEM MAPA AQUI — devagar (rode 'record' nesta estrada)
[drive]  29.0 km/h | offset +0.00 m | hdg  +0.0° | mapa 0/5 | IA | SEM MAPA AQUI — devagar (rode 'record' nesta estrada)
[drive]  28.7 km/h | offset +0.00 m | hdg  +0.0° | mapa 0/5 | IA | SEM MAPA AQUI — devagar (rode 'record' nesta estrada)
[drive]  28.5 km/h | offset +0.00 m | hdg  +0.0° | mapa 0/5 | IA | SEM MAPA AQUI — devagar (rode 'record' nesta estrada)
[drive]  28.7 km/h | offset +0.00 m | hdg  +0.0° | mapa 0/5 | IA | SEM MAPA AQUI — devagar (rode 'record' nesta estrada)
[drive]  28.6 km/h | offset +0.00 m | hdg  +0.0° | mapa 0/5 | IA | SEM MAPA AQUI — devagar (rode 'record' nesta estrada)
[drive]  28.6 km/h | offset +0.00 m | hdg  +0.0° | mapa 0/5 | IA | SEM MAPA AQUI — devagar (rode 'record' nesta estrada)
[drive]  28.6 km/h | offset +0.00 m | hdg  +0.0° | mapa 0/5 | IA | SEM MAPA AQUI — devagar (rode 'record' nesta estrada)
[drive]  28.3 km/h | offset +0.00 m | hdg  +0.0° | mapa 0/5 | IA | SEM MAPA AQUI — devagar (rode 'record' nesta estrada)
[drive]  28.8 km/h | offset +0.00 m | hdg  +0.0° | mapa 0/5 | IA | SEM MAPA AQUI — devagar (rode 'record' nesta estrada)
[drive]  28.5 km/h | offset +0.00 m | hdg  +0.0° | mapa 0/5 | IA | SEM MAPA AQUI — devagar (rode 'record' nesta estrada)
[drive]  28.2 km/h | offset +0.00 m | hdg  +0.0° | mapa 0/5 | IA | SEM MAPA AQUI — devagar (rode 'record' nesta estrada)
[drive]  27.9 km/h | offset +0.00 m | hdg  +0.0° | mapa 0/5 | IA | SEM MAPA AQUI — devagar (rode 'record' nesta estrada)
[drive]  28.9 km/h | offset +0.00 m | hdg  +0.0° | mapa 0/5 | IA | SEM MAPA AQUI — devagar (rode 'record' nesta estrada)
[drive]  27.8 km/h | offset +0.00 m | hdg  +0.0° | mapa 0/5 | IA | SEM MAPA AQUI — devagar (rode 'record' nesta estrada)
[drive]  29.0 km/h | offset +0.00 m | hdg  +0.0° | mapa 0/5 | IA | SEM MAPA AQUI — devagar (rode 'record' nesta estrada)
[drive]  29.0 km/h | offset +0.00 m | hdg  +0.0° | mapa 0/5 | IA | SEM MAPA AQUI — devagar (rode 'record' nesta estrada)
[pratica] AVISO: frame do jogo ainda nao calibrado (dirija COM CURVAS por ~1 min); o mapa comeca depois disso
[drive]  29.0 km/h | offset +0.00 m | hdg  +0.0° | mapa 0/5 | IA | SEM MAPA AQUI — devagar (rode 'record' nesta estrada)
[drive]  28.7 km/h | offset +0.00 m | hdg  +0.0° | mapa 0/5 | IA | SEM MAPA AQUI — devagar (rode 'record' nesta estrada)
[drive]  28.9 km/h | offset +0.00 m | hdg  +0.0° | mapa 0/5 | IA | SEM MAPA AQUI — devagar (rode 'record' nesta estrada)
[drive]  28.6 km/h | offset +0.00 m | hdg  +0.0° | mapa 0/5 | IA | SEM MAPA AQUI — devagar (rode 'record' nesta estrada)
[drive]  28.6 km/h | offset +0.00 m | hdg  +0.0° | mapa 0/5 | IA | SEM MAPA AQUI — devagar (rode 'record' nesta estrada)
[drive]  28.7 km/h | offset +0.00 m | hdg  +0.0° | mapa 0/5 | IA | SEM MAPA AQUI — devagar (rode 'record' nesta estrada)
[drive]  28.5 km/h | offset +0.00 m | hdg  +0.0° | mapa 0/5 | IA | SEM MAPA AQUI — devagar (rode 'record' nesta estrada)
[drive]  28.4 km/h | offset +0.00 m | hdg  +0.0° | mapa 0/5 | IA | SEM MAPA AQUI — devagar (rode 'record' nesta estrada)
[inject] fora da TELA CHEIA — teclas soltas; a IA só age com o jogo em tela cheia (e em 1º plano)
[drive]  28.8 km/h | offset +0.00 m | hdg  +0.0° | mapa 0/5 | IA | SEM MAPA AQUI — devagar (rode 'record' nesta estrada)
[pratica] humano no volante — IA solta o volante e grava a correcao (DAgger)
